
<!DOCTYPE html>
<html><body>
  <h1>Hello PYPP</h1>
  <ul>
  <!-- Some random numbers! -->
<li>50</li><li>98</li><li>54</li><li>6</li><li>34</li>
  </ul>
  <p>WebAssembly generated in another template:</p>
  <pre>

(module
  (memory (export "mem") 1)
  (data (i32.const 0x0000)
    "\DE\AD\BE\EF"
    
    
    "\db\0f\49\40"
  )
  (func (export "question") (result i32)
    
    (i32.const 42)
  )
)
  </pre>
</body></html>
